// Jest Snapshot v1, https://goo.gl/fbAQLP

exports[`the Header component should match the snapshot of the shallow rendered component 1`] = `
<div
  className="makeStyles-root-1"
>
  <WithStyles(ForwardRef(AppBar))
    position="static"
  >
    <WithStyles(ForwardRef(Toolbar))>
      <WithStyles(ForwardRef(IconButton))
        aria-label="Menu"
        className="makeStyles-menuButton-2"
        color="inherit"
        edge="start"
        onClick={[Function]}
      >
        <MenuIcon />
      </WithStyles(ForwardRef(IconButton))>
      <WithStyles(ForwardRef(Typography))
        className="makeStyles-title-3"
        variant="h6"
      >
        News
      </WithStyles(ForwardRef(Typography))>
    </WithStyles(ForwardRef(Toolbar))>
  </WithStyles(ForwardRef(AppBar))>
  <WithTheme(ForwardRef(SwipeableDrawer))
    onClose={[Function]}
    onOpen={[Function]}
    open={false}
  >
    <div
      onClick={[Function]}
      onKeyDown={[Function]}
      role="presentation"
    >
      <WithStyles(ForwardRef(List))>
        <WithStyles(ForwardRef(ListItem))
          button={true}
        >
          <WithStyles(ForwardRef(ListItemIcon))>
            <SupervisedUserCircleIcon />
          </WithStyles(ForwardRef(ListItemIcon))>
          <WithStyles(ForwardRef(ListItemText))
            primary="Player selection"
          />
        </WithStyles(ForwardRef(ListItem))>
        <WithStyles(ForwardRef(ListItem))
          button={true}
        >
          <WithStyles(ForwardRef(ListItemIcon))>
            <GamepadIcon />
          </WithStyles(ForwardRef(ListItemIcon))>
          <WithStyles(ForwardRef(ListItemText))
            primary="Start again"
          />
        </WithStyles(ForwardRef(ListItem))>
        <WithStyles(ForwardRef(ListItem))
          button={true}
        >
          <WithStyles(ForwardRef(ListItemIcon))>
            <TableChartIcon />
          </WithStyles(ForwardRef(ListItemIcon))>
          <WithStyles(ForwardRef(ListItemText))
            primary="Leaderboard"
          />
        </WithStyles(ForwardRef(ListItem))>
      </WithStyles(ForwardRef(List))>
      <WithStyles(ForwardRef(Divider)) />
      <WithStyles(ForwardRef(List))>
        <WithStyles(ForwardRef(ListItem))
          button={true}
        >
          <WithStyles(ForwardRef(ListItemIcon))>
            <InfoIcon />
          </WithStyles(ForwardRef(ListItemIcon))>
          <WithStyles(ForwardRef(ListItemText))
            primary="About the game"
          />
        </WithStyles(ForwardRef(ListItem))>
      </WithStyles(ForwardRef(List))>
    </div>
  </WithTheme(ForwardRef(SwipeableDrawer))>
</div>
`;
