// Jest Snapshot v1, https://goo.gl/fbAQLP

exports[`the RoundsResults component should match the snapshot of the shallow rendered component 1`] = `
<table
  class="MuiTable-root"
>
  <thead
    class="MuiTableHead-root"
  >
    <tr
      class="MuiTableRow-root MuiTableRow-head"
    >
      <th
        class="MuiTableCell-root MuiTableCell-head"
        scope="col"
      >
        Player 1 - 
      </th>
      <th
        class="MuiTableCell-root MuiTableCell-head"
        scope="col"
      >
        Player 2 - 
      </th>
      <th
        class="MuiTableCell-root MuiTableCell-head"
        scope="col"
      >
        Winner
      </th>
    </tr>
  </thead>
  <tbody
    class="MuiTableBody-root"
  />
</table>
`;
